// Vitest Snapshot v1, https://vitest.dev/guide/snapshot.html

exports[`Myrient catalog > configuration stability > ROM entries match expected snapshot 1`] = `
[
  {
    "destDir": "FC",
    "extract": true,
    "extractGlob": "*.nes",
    "key": "FC_CART",
    "remotePath": "Nintendo%20-%20Nintendo%20Entertainment%20System%20%28Headered%29/",
    "source": "no-intro",
  },
  {
    "destDir": "FC",
    "extract": true,
    "extractGlob": "*.fds",
    "key": "FC_FDS",
    "remotePath": "Nintendo%20-%20Family%20Computer%20Disk%20System%20%28FDS%29/",
    "source": "no-intro",
  },
  {
    "destDir": "GB",
    "extract": true,
    "extractGlob": "*.gb",
    "key": "GB",
    "remotePath": "Nintendo%20-%20Game%20Boy/",
    "source": "no-intro",
  },
  {
    "destDir": "GBA",
    "extract": true,
    "extractGlob": "*.gba",
    "key": "GBA",
    "remotePath": "Nintendo%20-%20Game%20Boy%20Advance/",
    "source": "no-intro",
  },
  {
    "destDir": "GBC",
    "extract": true,
    "extractGlob": "*.gbc",
    "key": "GBC",
    "remotePath": "Nintendo%20-%20Game%20Boy%20Color/",
    "source": "no-intro",
  },
  {
    "destDir": "MD",
    "extract": true,
    "extractGlob": "*.md",
    "key": "MD",
    "remotePath": "Sega%20-%20Mega%20Drive%20-%20Genesis/",
    "source": "no-intro",
  },
  {
    "destDir": "PCE",
    "extract": true,
    "extractGlob": "*.pce",
    "key": "PCE",
    "remotePath": "NEC%20-%20PC%20Engine%20-%20TurboGrafx-16/",
    "source": "no-intro",
  },
  {
    "destDir": "PKM",
    "extract": true,
    "extractGlob": "*.min",
    "key": "PKM",
    "remotePath": "Nintendo%20-%20Pokemon%20Mini/",
    "source": "no-intro",
  },
  {
    "destDir": "SGB",
    "extract": true,
    "extractGlob": "*.sfc",
    "key": "SGB",
    "remotePath": "Nintendo%20-%20Super%20Nintendo%20Entertainment%20System/",
    "source": "no-intro",
  },
  {
    "destDir": "PS",
    "extract": true,
    "extractGlob": "*",
    "key": "PS",
    "remotePath": "Sony%20-%20PlayStation/",
    "source": "redump",
  },
  {
    "destDir": "MD",
    "extract": true,
    "extractGlob": "*",
    "key": "MD_SEGA_CD",
    "remotePath": "Sega%20-%20Mega%20CD%20%26%20Sega%20CD/",
    "source": "redump",
  },
]
`;
